// Jest Snapshot v1, https://goo.gl/fbAQLP

exports[`1. before resolving image 1`] = `
<ProgressiveImage
  blur={20}
  component="div"
  opacity={0.5}
  placeholder="small.jpg"
  scale={1}
  src="origin.jpg"
  transition="opacity 0.3s linear"
>
  <mapPropsStream(Img)
    blur={20}
    component="div"
    opacity={0.5}
    placeholder="small.jpg"
    scale={1}
    src="origin.jpg"
    transition="opacity 0.3s linear"
  >
    <Img
      blur={20}
      component="div"
      image="small.jpg"
      isCached={false}
      isLoaded={false}
      opacity={0.5}
      placeholder="small.jpg"
      scale={1}
      src="origin.jpg"
      transition="opacity 0.3s linear"
    >
      <Styled(BaseComponent)
        blur={20}
        component="div"
        isCached={false}
        isLoaded={false}
        opacity={0.5}
        placeholder="small.jpg"
        scale={1}
        src="origin.jpg"
        style={
          Object {
            "backgroundImage": "url(\\"small.jpg\\")",
          }
        }
        transition="opacity 0.3s linear"
      >
        <BaseComponent
          blur={20}
          className="sc-bdVaJa lpfHmJ"
          component="div"
          isCached={false}
          isLoaded={false}
          opacity={0.5}
          placeholder="small.jpg"
          scale={1}
          src="origin.jpg"
          style={
            Object {
              "backgroundImage": "url(\\"small.jpg\\")",
            }
          }
          transition="opacity 0.3s linear"
        >
          <div
            className="sc-bdVaJa lpfHmJ"
            src="origin.jpg"
            style={
              Object {
                "backgroundImage": "url(\\"small.jpg\\")",
              }
            }
          />
        </BaseComponent>
      </Styled(BaseComponent)>
    </Img>
  </mapPropsStream(Img)>
</ProgressiveImage>
`;

exports[`2. after resolving image 1`] = `
<ProgressiveImage
  blur={20}
  component="div"
  opacity={0.5}
  placeholder="small.jpg"
  scale={1}
  src="origin.jpg"
  transition="opacity 0.3s linear"
>
  <mapPropsStream(Img)
    blur={20}
    component="div"
    opacity={0.5}
    placeholder="small.jpg"
    scale={1}
    src="origin.jpg"
    transition="opacity 0.3s linear"
  >
    <Img
      blur={20}
      component="div"
      image="small.jpg"
      isCached={false}
      isLoaded={false}
      opacity={0.5}
      placeholder="small.jpg"
      scale={1}
      src="origin.jpg"
      transition="opacity 0.3s linear"
    >
      <Styled(BaseComponent)
        blur={20}
        component="div"
        isCached={false}
        isLoaded={false}
        opacity={0.5}
        placeholder="small.jpg"
        scale={1}
        src="origin.jpg"
        style={
          Object {
            "backgroundImage": "url(\\"small.jpg\\")",
          }
        }
        transition="opacity 0.3s linear"
      >
        <BaseComponent
          blur={20}
          className="sc-bdVaJa lpfHmJ"
          component="div"
          isCached={false}
          isLoaded={false}
          opacity={0.5}
          placeholder="small.jpg"
          scale={1}
          src="origin.jpg"
          style={
            Object {
              "backgroundImage": "url(\\"small.jpg\\")",
            }
          }
          transition="opacity 0.3s linear"
        >
          <div
            className="sc-bdVaJa lpfHmJ"
            src="origin.jpg"
            style={
              Object {
                "backgroundImage": "url(\\"small.jpg\\")",
              }
            }
          />
        </BaseComponent>
      </Styled(BaseComponent)>
    </Img>
  </mapPropsStream(Img)>
</ProgressiveImage>
`;
