// Jest Snapshot v1, https://goo.gl/fbAQLP

exports[`should render <ProgressiveImage> 1`] = `
<ProgressiveImage
  placeholder="small.jpg"
  src="origin.jpg"
>
  <styled.div
    image="small.jpg"
    isLoaded={false}
    src="origin.jpg"
  >
    <div
      className="sc-bdVaJa eilCag"
      src="origin.jpg"
    />
  </styled.div>
</ProgressiveImage>
`;
